[36mvite v6.4.1 [32mbuilding for production...[36m[39m
transforming...
[32mΓ£ô[39m 1060 modules transformed.
rendering chunks...
computing gzip size...
[2mdist/[22m[32mindex.html                 [39m[1m[2m  0.93 kB[22m[1m[22m[2m Γöé gzip:   0.49 kB[22m
[2mdist/[22m[35massets/index-rEEQc0hR.css  [39m[1m[2m 49.51 kB[22m[1m[22m[2m Γöé gzip:   8.42 kB[22m
[2mdist/[22m[36massets/index-BxiztDek.js   [39m[1m[33m964.27 kB[39m[22m[2m Γöé gzip: 272.24 kB[22m
node.exe : [33m
At line:1 char:1
+ & "C:\Program Files\nodejs/node.exe" 
"C:\Program Files\nodejs/node_mo ...
+ ~~~~~~~~~~~~~~~~~~~~~~~~~~~~~~~~~~~~~~~~~~~~~~~
~~~~~~~~~~~~~~~~~~~~~~
    + CategoryInfo          : NotSpecified: ([3 
   3m:String) [], RemoteException
    + FullyQualifiedErrorId : NativeCommandError
 
(!) Some chunks are larger than 500 kB after 
minification. Consider:
- Using dynamic import() to code-split the 
application
- Use build.rollupOptions.output.manualChunks to 
improve chunking: https://rollupjs.org/configurat
ion-options/#output-manualchunks
- Adjust chunk size limit for this warning via 
build.chunkSizeWarningLimit.[39m
[32mΓ£ô built in 8.12s[39m
